SAMPLES (t seconds, v ms) = [(1, 5), (3, 3), (50, 7), (90, 2), (130, 6), (220, 1), (245, 9), (260, 4), (540, 8)]
SPAN = 60s   window = (now - 60, now]

  t=  1s  window [5]            count 1  avg  5.000   expired here: 0
  t=  3s  window [5, 3]         count 2  avg  4.000   expired here: 0
  t= 50s  window [5, 3, 7]      count 3  avg  5.000   expired here: 0
  t= 90s  window [7, 2]         count 2  avg  4.500   expired here: 2
  t=130s  window [2, 6]         count 2  avg  4.000   expired here: 1
  t=220s  window [1]            count 1  avg  1.000   expired here: 2
  t=245s  window [1, 9]         count 2  avg  5.000   expired here: 0
  t=260s  window [1, 9, 4]      count 3  avg  4.667   expired here: 0
  t=540s  window [8]            count 1  avg  8.000   expired here: 3

  counts   : [1, 2, 3, 2, 2, 1, 2, 3, 1]
  expiries : [0, 0, 0, 2, 1, 2, 0, 0, 3]
  the count rises to 3 and falls to 1; one arrival retires 3
  samples at once and another retires none -- so 'one in, one out' is false both ways.

  one-expiry-per-arrival is wrong at t = [90, 130, 220, 245, 540]
    t= 90s reports 4.000 over 3 samples; the truth is 4.500 over 2
    t=130s reports 5.000 over 3 samples; the truth is 4.000 over 2
    t=220s reports 3.000 over 3 samples; the truth is 1.000 over 1
    t=245s reports 5.333 over 3 samples; the truth is 5.000 over 2
    t=540s reports 7.000 over 3 samples; the truth is 8.000 over 1
  ...right at the first 3 arrivals, where nothing had expired yet, and right again
  at t=260 BY ACCIDENT -- the stale window happens to hold the correct three samples.
  the fixed divisor 3 is wrong at 7 of 9 arrivals -- right only when the
  live count happens to equal 3, which it does 2 times.

  nothing arrives between t=130 and t=220, and the answer moves anyway:
    now=130s  truth  4.000 over 2 samples;  arrival-driven dashboard still shows 4.000 over 2
    now=180s  truth  6.000 over 1 samples;  arrival-driven dashboard still shows 4.000 over 2
    now=191s  truth   NONE over 0 samples;  arrival-driven dashboard still shows 4.000 over 2
    now=219s  truth   NONE over 0 samples;  arrival-driven dashboard still shows 4.000 over 2
    now=10000s truth   NONE over 0 samples;  arrival-driven still shows 8.000 over 1
  so the quiet-stream error is unbounded in TIME, not in value: the number is simply old.

  two samples exactly 60s apart, [(0, 10), (60, 20)], read at now=60:
    (now-60, now] keeps [(60, 20)] -> avg 20.0
    [now-60, now] keeps [(0, 10), (60, 20)] -> avg 15.0
    20.0 against 15.0 on the same two samples -- a 25% difference decided by one `<`.

  two probes reporting in the same second, [(10, 4), (10, 8)]:
    on the first arrival the dashboard can only say 4.0 over 1 sample;
    the clock at t=10 says 6.0 over 2 -- the same instant, a later view of it.
  so 'the average at time t' is two different questions, and only ties expose it.

  600 irregular streams x 4 spans: the incremental total+count equals the rescan at
  every arrival and at every probed clock instant; the one-expiry version differs on
  445 of 600, which is how often a stream has a gap big enough to retire two.

all assertions passed
