VALUES = 0:5  1:3  2:7  3:2  4:6  5:1  6:9  7:4  8:8
W = 3 -> 7 windows, 2 answers withheld

  arrival 0: +5   -  sum= 5  report=NOT_YET
  arrival 1: +3   -  sum= 8  report=NOT_YET
  arrival 2: +7   -  sum=15  report=5.0000
  arrival 3: +2  -5  sum=12  report=4.0000
  arrival 4: +6  -3  sum=15  report=5.0000
  arrival 5: +1  -7  sum= 9  report=3.0000
  arrival 6: +9  -2  sum=16  report=5.3333
  arrival 7: +4  -6  sum=14  report=4.6667
  arrival 8: +8  -1  sum=21  report=7.0000

  recomputed : [5.0, 4.0, 5.0, 3.0, 5.3333, 4.6667, 7.0]  (21 reads)
  running    : [5.0, 4.0, 5.0, 3.0, 5.3333, 4.6667, 7.0]  (9 adds + 6 subs = 15 ops)

  one value replaced by 1e+16: at window 1 recomputation gives 4.0 and the running total 4.666666666666667,
    so drift_at(1) = 0.666666666666667;  6 of 7 drift, worst 0.666666666666667 (= 2/3)
  EVERY value multiplied by 1e+16: 0 of 7 answers drift

  time-based window (span 60): [(0, 10.0, 1), (10, 15.0, 2), (70, 25.0, 2), (71, 35.0, 2), (200, 50.0, 1)]
  restart, window checkpointed : [5.0, 4.0, 5.0, 3.0, 5.3333, 4.6667, 7.0]
  restart, total only          : [5.0, 4.0, 5.0, 5.3333, 8.3333, 9.6667, 12.3333]

  600 random (values, W) pairs: running total == recomputation, and the
  rolling maximum == max of every window.

all assertions passed
