VALUES = 0:5  1:3  2:7  3:2  4:6  5:1  6:9  7:4  8:8    W = 3
  no crash: [5.0, 4.0, 5.0, 3.0, 5.3333, 4.6667, 7.0]

  crash at each of positions 1..8, policy  window: final answer [7.0]
  crash at each of positions 1..8, policy  replay: final answer [7.0]
  crash at each of positions 1..8, policy   total: final answer [7.3333, 8.6667, 9.3333, 9.6667, 10.0, 11.0, 12.0]
    crash_at=4 persisted total 12; the truth ends at 7.0000 and the
    restart ends at 11.0000 -- high by exactly 12/3 = 4.0000, the restored total that
    nothing will ever subtract, because no window entry corresponds to it.

  checkpoint sizes: total-only 2 numbers, window 4 numbers,
  to report 1 number.  At the chapter's real W the ratio is what matters:
    W =       3 ->       4 numbers persisted per 1 reported
    W =   1,000 ->   1,001 numbers persisted per 1 reported
    W = 100,000 -> 100,001 numbers persisted per 1 reported

  checkpoint and position written separately, crash in between (crash_at=4):
    position ONE AHEAD of the state : [5.0, 4.0, 3.3333, 4.0, 4.6667, 7.0]
    position ONE BEHIND the state   : [5.0, 4.0, 3.6667, 3.3333, 3.0, 5.3333, 4.6667, 7.0]
    the truth                       : [5.0, 4.0, 5.0, 3.0, 5.3333, 4.6667, 7.0]
    AHEAD loses one input and emits 6 answers instead of 7;
    BEHIND re-reads one and emits 8 -- so the skew is detectable by
    COUNTING answers, which is the cheapest available alarm.

  crash at position 1 (mid warm-up): 7 answers, the first still withheld
  until 3 values exist -- the position is what says whether the warm-up is over.

  mixture: answers differing from a from-scratch sum --
    never restarted 6 of 7, restarted and rebuilt from the window 1 of 7

  uniform: answers differing from a from-scratch sum --
    never restarted 0 of 7, restarted and rebuilt from the window 0 of 7
  so a restart that rebuilds the total from the window is MORE accurate than the
  process that never crashed -- the checkpoint is also a re-grounding.

  300 random streams x every crash point: the window checkpoint and the replay
  recover exactly, and the total-only checkpoint's final answer is high by exactly
  the restored total over W -- so it is right only when that total happens to be
  zero, which negative values do occasionally arrange.

all assertions passed
