COUNTS = 0:5  1:3  2:7  3:2  4:6  5:1  6:9  7:4  8:8
prefix  = [0, 5, 8, 15, 17, 23, 24, 33, 37, 45]

  K =  15 -> 3 seconds, [5, 3, 7] totalling 15   (list never longer than 4, naive examined 45 pairs)
  K =  21 -> 3 seconds, [9, 4, 8] totalling 21   (list never longer than 6, naive examined 45 pairs)
  K =  22 -> 4 seconds, [1, 9, 4, 8] totalling 22   (list never longer than 6, naive examined 45 pairs)
  K = 999 -> no run reaches it (45 pairs examined to be sure)

  21 is reached by three seconds exactly and 22 by none, so the answer steps
  from 3 to 4 between them -- the step is in the data, not in the algorithm.

  IDLE = [5, 3, 7, 0, 0, 0, 2, 6, 1, 9, 4, 8]  (three zero seconds spliced into the same stream)
  prefix = [0, 5, 8, 15, 15, 15, 15, 17, 23, 24, 33, 37, 45]
  the running total repeats at positions [4, 5, 6], which is what a zero second is
    K =  15 -> 3 seconds;  list length 4 with `>=`, 7 with `>`
    K =  21 -> 3 seconds;  list length 6 with `>=`, 9 with `>`
    K =  22 -> 4 seconds;  list length 6 with `>=`, 9 with `>`

  the two-pointer, on signed data (net connections opened minus closed):
    [-4, -6, -5, 4, 5, -2, -1, 0] with K = 5: two-pointer says None, the truth is 1
    the deque says 1 -- it never assumed the totals increase.
    on 800 non-negative streams it agrees with the truth every time, which is
    exactly what makes shipping it a decision about the data rather than the code.

  boundaries: empty stream -> None; all-idle -> None for K=1 and 1 for K=0;
  K = 45 (the entire test) -> 9 seconds, the whole stream.

  at 20,000 seconds: shortest run reaching 2000 is 80 seconds, and the
  increasing list never held more than 82 entries.
  the naive pair scan on just the first 700 of them examined 245,350 pairs;
  at 20,000 that is about 200,010,000 -- which is why the store changes.

  400 random streams, non-negative and signed, both comparisons: the increasing
  list equals the pair scan every time.

all assertions passed
