what it exercises                               n  islands         deltas   map ops         rescan     runs
empty stream -> no count to report              0     None        +0/0/-0         0              0        0
a single position                               1        1        +1/0/-0         4              1        0
the same position three times                   3        1        +1/2/-0        12              3        2
a gap of 2: nothing merges                      2        2        +2/0/-0         8              3        1
a gap of 1: adjacency merges                    2        1        +1/1/-0         8              3        1
the position between two islands                3        1        +2/0/-1        12              6        3
descending arrival                              3        1        +1/2/-0        12              6        2
the chapter's first seven                       7        1        +3/2/-2        28             28       10
the chapter's sequence                          8        1        +3/3/-2        32             35       11
the chapter's arrivals at G = 1                 9        9        +9/0/-0        36             45       36
0..19 in order: one island throughout          20        1       +1/19/-0        80            210       19
negative coordinates                            4        1        +2/1/-1        16             10        4
0 and a billion: two map entries                2        2        +2/0/-0         8              3        1
10,000 shuffled -> one stretch              10000        1 +3296/3409/-3295    40,000    50,005,000*        -
10,000 every other -> 10,000 islands        10000    10000    +10000/0/-0    40,000    50,005,000*        -
  (deltas are counted as +1 isolated / 0 extending one / -1 joining two)
all 15 examples agree with the rescan

POSITIONS = [5, 7, 6, 1, 2, 3, 4, 4]
  rescan    : [1, 2, 1, 2, 2, 2, 1, 1]   (35 set reads)
  chapter's runs : [1, 2, 1, 2, 2, 2, 1, 1]   (11 run comparisons), ending [(1, 7)]
  endpoints : [1, 2, 1, 2, 2, 2, 1, 1]   (deltas [1, 1, -1, 1, 0, 0, -1, 0])

  position 6 joins the stretches at 5..5 and 7..7, so the count goes 2 -> 1; position
  4 joins 1..3 and 5..7, the same -1 again; the repeated 4 moves nothing.
  the length map ends as {1: 7, 2: 2, 3: 3, 5: 3, 7: 7}:
    the endpoints 1 and 7 both read 7, correctly, and the interior entries [2, 3, 5]
    are stale -- they are never consulted, because a position's neighbour can only
    be an ENDPOINT when that position is still off.  That was checked at every step.

  SPARSE = [1, 3, 90, 130, 245, 260, 220, 50, 540] (the chapter's arrival times, G = 1):
    [1, 2, 3, 4, 5, 6, 7, 8, 9] -- no two are within 1, so every position is its own island and
    the count only ever rises.  The same data merged four runs at the chapter's G = 47.
    0..19 in order -> all ones; 0,2,4,..,38 -> 1..20.  The two extremes bracket it.

  150 shuffles of the same 15 positions: the final count is always 3
  (the three stretches 0..11, 20..21, 30), and 150 different count PATHS were
  seen getting there -- the order decides the intermediate reports, nothing else.

  boundaries: repeats idempotent; negative positions [-3, -1, -2, 0] -> [1, 2, 1, 1];
  and 0 together with 1,000,000,000 costs two map entries, not 1,000,000,000 array slots.

  at 20,000 positions shuffled: the count peaks at 4,986 islands and ends at
  1, and the three deltas split almost exactly into thirds: 6,677 isolated (+1),
  6,647 extending one stretch (0) and 6,676 joining two (-1) -- 0.334, 0.332, 0.334 of the stream.
  on just the first 800 the rescan made 320,400 set reads, and on the
  first 300 the chapter's run structure made 43,884 run comparisons; the
  endpoint map does a fixed two lookups and two writes per position -- 80,000
  in all at 20,000, and it never sorts anything.

  400 random sequences with repeats and adjacency: the endpoint map equals the
  rescan and the chapter's run structure every time, the delta is always in
  {+1, 0, -1}, and the deltas always telescope into the counts.

all assertions passed
