what it exercises                       chunks        policy  crash     visible  rec  scratch  resume
rename, no crash -> committed                9        rename   none    COMPLETE False       45      45
rename, killed before chunk 0                9        rename      0      absent False       45      45
rename, killed before chunk 1                9        rename      1      absent False       50      45
rename, killed before the LAST chunk         9        rename      8      absent False       82      45
rename, bytes all up, commit not run         9        rename      9      absent False       90      45
crash point past the end never fires         9        rename     16    COMPLETE False       45      45
direct, killed before chunk 0                9        direct      0      absent False       45      45
direct, killed before chunk 1                9        direct      1     5B part False       50      45
direct, killed before the LAST chunk         9        direct      8    37B part False       82      45
direct, bytes all up, record not set         9        direct      9    COMPLETE False       90      45
record_first, killed before chunk 0          9  record_first      0      absent True       45      45
record_first, killed before chunk 1          9  record_first      1     5B part True        5       5
record_first, bytes all up                   9  record_first      9    COMPLETE True       45      45
zero-chunk backup, rename -> empty           0        rename   none       empty False        0       0
zero-chunk backup, direct -> no file         0        direct   none      absent True        0       0
one chunk, killed before its only one        1        rename      0      absent False        1       1
one chunk, no crash                          1        rename   none    COMPLETE False        1       1
5,000 chunks, rename, no crash            5000        rename   none    COMPLETE False    19995   19995
5,000 chunks, rename, killed midway       5000        rename   2500      absent False    29992   19995
all 19 examples agree with the rule they claim to implement

CHUNKS = ['aaaaa', 'bbb', 'ccccccc', 'dd', 'eeeeee', 'f', 'ggggggggg', 'hhhh', 'iiiiiiii']
the finished file is 45 bytes: 'aaaaabbbcccccccddeeeeeefggggggggghhhhiiiiiiii'

    crash              rename              direct        record_first
  chunk 0   absent, rec=False   absent, rec=False    absent, rec=True
  chunk 1   absent, rec=False  5/45 bytes, rec=False  5/45 bytes, rec=True
  chunk 2   absent, rec=False  8/45 bytes, rec=False  8/45 bytes, rec=True
  chunk 3   absent, rec=False  15/45 bytes, rec=False  15/45 bytes, rec=True
  chunk 4   absent, rec=False  17/45 bytes, rec=False  17/45 bytes, rec=True
  chunk 5   absent, rec=False  23/45 bytes, rec=False  23/45 bytes, rec=True
  chunk 6   absent, rec=False  24/45 bytes, rec=False  24/45 bytes, rec=True
  chunk 7   absent, rec=False  33/45 bytes, rec=False  33/45 bytes, rec=True
  chunk 8   absent, rec=False  37/45 bytes, rec=False  37/45 bytes, rec=True
  after all 9   absent, rec=False  COMPLETE, rec=False  COMPLETE, rec=True
     none  COMPLETE, rec=False  COMPLETE, rec=True  COMPLETE, rec=True

  rename: at all 11 crash points the visible file is absent or the full 45 bytes.
  Nothing is ever half visible, and there is no record to disagree with it.

  direct: 8 of the 11 crash points leave a partial file under the real
  name -- a restore from it silently produces a truncated database.  And crashing
  after the last chunk leaves a COMPLETE file with the record still saying failed,
  which is the harmless half of the same split.

  record_first: 9 of the 11 crash points leave the record saying SUCCESS with
  no complete file behind it -- every point during the upload, which is where all
  the time goes.  Nobody finds out until a restore is attempted, which is why this
  ordering is the one that loses data rather than merely wasting work.

  killed at chunk 3 three nights running, then succeeding: 4 attempts and
  90 bytes transferred for a 45-byte file.
  resuming from the temporary file instead: 45 bytes -- the saving is real,
  and it is exactly the 45 bytes the restarts re-sent.

  a 15-byte file left in 'backup.tmp' by an earlier crash of a DIFFERENT upload:
    resuming  -> 45 bytes, CORRUPT: 'XXXXXXXXXXXXXXXddeeeeeefggggggggghhhhiiiiiiii'
    from scratch -> 45 bytes, correct
    the corrupt one is 45 bytes, the same size as a good backup, so a length
    check passes.  Resuming is only safe if the temporary name is unique per
    attempt -- which means the atomic commit needs a NAME nobody else will reuse.

  staging bucket to archive bucket, where a rename is really a copy and a delete:
  8 crash points again leave a partial object under the real name.  The
  rename is atomic WITHIN one store and nowhere else, so the manufactured commit
  is a property of the store, not of the idea.

  boundaries: an empty backup commits as a zero-byte file -- '' is not
  None, which is what lets 'the file exists' be the position.  A single-chunk upload
  killed before its only chunk leaves an empty STAGING file and nothing under the
  real name, which is the state a restore must read as 'no backup'.

  300 random files x every crash point: the rename leaves the real name absent or
  complete, and complete exactly when the job was not killed.  record_first always
  sets the record, and the file matches it only when nothing went wrong.

all assertions passed
